
[1m[46m RUN [49m[22m [36mv4.0.18 [39m[90mC:/Users/david/Documents/Nov├í slo┼żka[39m

 [31mÔŁ»[39m [30m[46m vitest-tests [49m[39m tests/vitest/TableFactory.unit.test.ts [2m([22m[2m5 tests[22m[2m | [22m[31m4 failed[39m[2m)[22m[32m 16[2mms[22m[39m
       [32mÔťô[39m should generate a valid CREATE TABLE statement for valid headers[32m 3[2mms[22m[39m
[31m       [31m├Ś[31m should return an error for invalid column definitions (missing square brackets)[39m[32m 7[2mms[22m[39m
[31m       [31m├Ś[31m should return an error for unsupported column types[39m[32m 1[2mms[22m[39m
[31m       [31m├Ś[31m should generate a valid INSERT statement for valid data lines[39m[32m 2[2mms[22m[39m
[31m       [31m├Ś[31m should handle single data line correctly[39m[32m 1[2mms[22m[39m
node.exe : 
At line:1 char:1
+ & "C:\Users\david\dev\node/node.exe" "C:\User
s\david\AppData\Roaming\ ...
+ ~~~~~~~~~~~~~~~~~~~~~~~~~~~~~~~~~~~~~~~~~~~~~
~~~~~~~~~~~~~~~~~~~~~~~~
    + CategoryInfo          : NotSpecified: (: 
   String) [], RemoteException
    + FullyQualifiedErrorId : NativeCommandErr 
   or
 
[31mÔÄ»ÔÄ»ÔÄ»ÔÄ»ÔÄ»ÔÄ»ÔÄ»[39m[1m[41m Failed
 Tests 4 [49m[22m[31mÔÄ»ÔÄ»ÔÄ»ÔÄ»ÔÄ»ÔÄ»ÔÄ»[
39m

[41m[1m FAIL [22m[49m [30m[46m vitest-tes
ts [49m[39m tests/vitest/TableFactory.unit.te
st.ts[2m > [22mTableFactory[2m > [22mgetCre
ateTableSql[2m > [22mshould return an error f
or invalid column definitions (missing square b
rackets)
[31m[1mAssertionError[22m: expected 'success
' to be 'error' // Object.is equality[39m

Expected: [32m"error"[39m
Received: [31m"success"[39m

[36m [2mÔŁ»[22m tests/vitest/TableFactory.un
it.test.ts:[2m23:35[22m[39m
    [90m 21| [39m            [35mconst[39m 
result [33m=[39m factory[33m.[39m[34mgetCr
eateTableSql[39m(tableName[33m,[39m header)
    [90m 22| [39m
    [90m 23| [39m            [34mexpect[39m
(result[33m.[39mresult)[33m.[39m[34mtoBe[
39m([33mOperationResultType[39m[33m.[39m[3
3mERROR[39m)
    [90m   | [39m                            
      [31m^[39m
    [90m 24| [39m            expect(result.me
ssage).toContain('Invalid column definitioÔÇŽ
    [90m 25| [39m        })

[31m[2mÔÄ»ÔÄ»ÔÄ»ÔÄ»ÔÄ»ÔÄ»ÔÄ»ÔÄ»ÔÄ»ÔÄ»ÔÄ»ÔÄ»ÔÄ
»ÔÄ»ÔÄ»ÔÄ»ÔÄ»ÔÄ»ÔÄ»ÔÄ»ÔÄ»ÔÄ»ÔÄ»ÔÄ»[1/4]ÔÄ»[22m
[39m

[41m[1m FAIL [22m[49m [30m[46m vitest-tes
ts [49m[39m tests/vitest/TableFactory.unit.te
st.ts[2m > [22mTableFactory[2m > [22mgetCre
ateTableSql[2m > [22mshould return an error f
or unsupported column types
[31m[1mAssertionError[22m: expected 'success
' to be 'error' // Object.is equality[39m

Expected: [32m"error"[39m
Received: [31m"success"[39m

[36m [2mÔŁ»[22m tests/vitest/TableFactory.un
it.test.ts:[2m32:35[22m[39m
    [90m 30| [39m            [35mconst[39m 
result [33m=[39m factory[33m.[39m[34mgetCr
eateTableSql[39m(tableName[33m,[39m header)
    [90m 31| [39m
    [90m 32| [39m            [34mexpect[39m
(result[33m.[39mresult)[33m.[39m[34mtoBe[
39m([33mOperationResultType[39m[33m.[39m[3
3mERROR[39m)
    [90m   | [39m                            
      [31m^[39m
    [90m 33| [39m            [34mexpect[39m
(result[33m.[39mmessage)[33m.[39m[34mtoCon
tain[39m([32m'Unsupported column type'[39m)
    [90m 34| [39m        })

[31m[2mÔÄ»ÔÄ»ÔÄ»ÔÄ»ÔÄ»ÔÄ»ÔÄ»ÔÄ»ÔÄ»ÔÄ»ÔÄ»ÔÄ»ÔÄ
»ÔÄ»ÔÄ»ÔÄ»ÔÄ»ÔÄ»ÔÄ»ÔÄ»ÔÄ»ÔÄ»ÔÄ»ÔÄ»[2/4]ÔÄ»[22m
[39m

[41m[1m FAIL [22m[49m [30m[46m vitest-tes
ts [49m[39m tests/vitest/TableFactory.unit.te
st.ts[2m > [22mTableFactory[2m > [22mGetIns
ertDataSql[2m > [22mshould generate a valid I
NSERT statement for valid data lines
[31m[1mAssertionError[22m: expected 'INSERT 
INTO alergeny (id_alergenu, jmÔÇŽ' to be 'INSER
T INTO alergeny (id_alergenu, jmÔÇŽ' // Object.
is equality[39m

Expected: [32m"INSERT INTO alergeny (id_alerge
nu, jmeno) VALUES ([7m1[27m, "Lepek"), ([7m2
[27m, "Kor├Ż┼íi"), ([7m3[27m, "Vejce");"[39
m
Received: [31m"INSERT INTO alergeny (id_alerge
nu, jmeno) VALUES ([7m'1'[27m, [7m'[27m"Lep
ek"[7m'[27m), ([7m'2'[27m, [7m'[27m"Kor├Ż
┼íi"[7m'[27m), ([7m'3'[27m, [7m'[27m"Vejc
e"[7m'[27m);"[39m

[36m [2mÔŁ»[22m tests/vitest/TableFactory.un
it.test.ts:[2m49:33[22m[39m
    [90m 47| [39m
    [90m 48| [39m            [34mexpect[39m
(result[33m.[39mresult)[33m.[39m[34mtoBe[
39m([33mOperationResultType[39m[33m.[39m[3
3mSUCCESS[39m)
    [90m 49| [39m            expect(result.da
ta).toBe('INSERT INTO alergeny (id_alergenÔÇŽ
    [90m   | [39m                            
    [31m^[39m
    [90m 50| [39m        })
    [90m 51| [39m

[31m[2mÔÄ»ÔÄ»ÔÄ»ÔÄ»ÔÄ»ÔÄ»ÔÄ»ÔÄ»ÔÄ»ÔÄ»ÔÄ»ÔÄ»ÔÄ
»ÔÄ»ÔÄ»ÔÄ»ÔÄ»ÔÄ»ÔÄ»ÔÄ»ÔÄ»ÔÄ»ÔÄ»ÔÄ»[3/4]ÔÄ»[22m
[39m

[41m[1m FAIL [22m[49m [30m[46m vitest-tes
ts [49m[39m tests/vitest/TableFactory.unit.te
st.ts[2m > [22mTableFactory[2m > [22mGetIns
ertDataSql[2m > [22mshould handle single data
 line correctly
[31m[1mAssertionError[22m: expected 'INSERT 
INTO test (id) VALUES (\'10\');' to be 'INSERT 
INTO test (id) VALUES (10);' // Object.is equal
ity[39m

Expected: [32m"INSERT INTO test (id) VALUES (1
0);"[39m
Received: [31m"INSERT INTO test (id) VALUES (
[7m'[27m10[7m'[27m);"[39m

[36m [2mÔŁ»[22m tests/vitest/TableFactory.un
it.test.ts:[2m59:33[22m[39m
    [90m 57| [39m
    [90m 58| [39m            [34mexpect[39m
(result[33m.[39mresult)[33m.[39m[34mtoBe[
39m([33mOperationResultType[39m[33m.[39m[3
3mSUCCESS[39m)
    [90m 59| [39m            expect(result.da
ta).toBe('INSERT INTO test (id) VALUES (10ÔÇŽ
    [90m   | [39m                            
    [31m^[39m
    [90m 60| [39m        })
    [90m 61| [39m    })

[31m[2mÔÄ»ÔÄ»ÔÄ»ÔÄ»ÔÄ»ÔÄ»ÔÄ»ÔÄ»ÔÄ»ÔÄ»ÔÄ»ÔÄ»ÔÄ
»ÔÄ»ÔÄ»ÔÄ»ÔÄ»ÔÄ»ÔÄ»ÔÄ»ÔÄ»ÔÄ»ÔÄ»ÔÄ»[4/4]ÔÄ»[22m
[39m


[2m Test Files [22m [1m[31m1 failed[39m[22m[90m (1)[39m
[2m      Tests [22m [1m[31m4 failed[39m[22m[2m | [22m[1m[32m1 passed[39m[22m[90m (5)[39m
[2m   Start at [22m 21:01:26
[2m   Duration [22m 357ms[2m (transform 58ms, setup 0ms, import 99ms, tests 16ms, environment 0ms)[22m

